rhombus
rhombus
rhombus
rhombus
rhombus
rhombus
rhombus
rhombus
rhombus
rhombus
rhombus
rhombus
rhombus
rhombus
rhombus
rhombus
rhombus
rhombus
rhombus
rhombus
rhombus
rhombus
rhombus
rhombus
rhombus
rhombus
rhombus
rhombus
rhombus
rhombus
rhombus
rhombus
rhombus
rhombus
rhombus
rhombus
rhombus
rhombus
rhombus
rhombus
rhombus
rhombus
rhombus
rhombus
rhombus
rhombus
rhombus
rhombus
rhombus
rhombus
rhombus
rhombus
kite
kite
kite
kite
kite
kite
kite
error 3
